------------------------------------------------------------
TimeQuest Timing Analyzer Summary
------------------------------------------------------------

Type  : Slow 1100mV 85C Model Setup 'KEY[0]'
Slack : -0.691
TNS   : -3.296

Type  : Slow 1100mV 85C Model Hold 'KEY[0]'
Slack : 0.525
TNS   : 0.000

Type  : Slow 1100mV 85C Model Minimum Pulse Width 'KEY[0]'
Slack : -0.394
TNS   : -3.801

Type  : Slow 1100mV 0C Model Setup 'KEY[0]'
Slack : -0.727
TNS   : -3.414

Type  : Slow 1100mV 0C Model Hold 'KEY[0]'
Slack : 0.609
TNS   : 0.000

Type  : Slow 1100mV 0C Model Minimum Pulse Width 'KEY[0]'
Slack : -0.394
TNS   : -3.942

Type  : Fast 1100mV 85C Model Setup 'KEY[0]'
Slack : 0.140
TNS   : 0.000

Type  : Fast 1100mV 85C Model Hold 'KEY[0]'
Slack : 0.260
TNS   : 0.000

Type  : Fast 1100mV 85C Model Minimum Pulse Width 'KEY[0]'
Slack : -0.047
TNS   : -0.273

Type  : Fast 1100mV 0C Model Setup 'KEY[0]'
Slack : 0.175
TNS   : 0.000

Type  : Fast 1100mV 0C Model Hold 'KEY[0]'
Slack : 0.269
TNS   : 0.000

Type  : Fast 1100mV 0C Model Minimum Pulse Width 'KEY[0]'
Slack : -0.062
TNS   : -0.366

------------------------------------------------------------
